
[1m[46m RUN [49m[22m [36mv4.0.18 [39m[90mC:/Users/rgdar/OneDrive/Desktop/Academics/ASC/Sem-6/Software-Engineering/Semester-Project/CampusRes_Feb10/server[39m

 [32mΓ£ô[39m src/services/__tests__/bookingConfirmation.test.ts [2m([22m[2m6 tests[22m[2m)[22m[32m 8[2mms[22m[39m
 [32mΓ£ô[39m src/services/__tests__/runningLate.test.ts [2m([22m[2m7 tests[22m[2m)[22m[32m 15[2mms[22m[39m

[2m Test Files [22m [1m[32m2 passed[39m[22m[90m (2)[39m
[2m      Tests [22m [1m[32m13 passed[39m[22m[90m (13)[39m
[2m   Start at [22m 22:54:16
[2m   Duration [22m 660ms[2m (transform 447ms, setup 0ms, import 546ms, tests 22ms, environment 0ms)[22m

