
> @campus/server@1.0.0 npx
> vitest run src/__tests__/epic5/us5.1-room-crud.test.ts --reporter=verbose


[1m[46m RUN [49m[22m [36mv4.0.18 [39m[90mC:/Users/Ashish/Downloads/L2_SE/server[39m

{"level":20,"time":"2026-02-10T19:06:20.502Z","service":"campus-resource-engine","version":"1.0.0","env":"test","error":{"code":"ECONNREFUSED"},"msg":"Redis client error (optional service)"}
{"level":20,"time":"2026-02-10T19:06:20.503Z","service":"campus-resource-engine","version":"1.0.0","env":"test","msg":"Redis connection closed"}
{"level":40,"time":"2026-02-10T19:06:20.503Z","service":"campus-resource-engine","version":"1.0.0","env":"test","msg":"Redis not available - caching disabled"}
{"level":20,"time":"2026-02-10T19:06:21.265Z","service":"campus-resource-engine","version":"1.0.0","env":"test","error":{"code":"ECONNREFUSED"},"msg":"Redis client error (optional service)"}
{"level":20,"time":"2026-02-10T19:06:21.266Z","service":"campus-resource-engine","version":"1.0.0","env":"test","msg":"Redis connection closed"}
{"level":20,"time":"2026-02-10T19:06:22.287Z","service":"campus-resource-engine","version":"1.0.0","env":"test","error":{"code":"ECONNREFUSED"},"msg":"Redis client error (optional service)"}
{"level":20,"time":"2026-02-10T19:06:22.289Z","service":"campus-resource-engine","version":"1.0.0","env":"test","msg":"Redis connection closed"}
{"level":30,"time":"2026-02-10T19:06:22.954Z","service":"campus-resource-engine","version":"1.0.0","env":"test","method":"GET","path":"/","statusCode":200,"duration":"274ms","requestId":"req-1770750382680-if8oz0qm4","msg":"Request completed"}
{"level":20,"time":"2026-02-10T19:06:23.478Z","service":"campus-resource-engine","version":"1.0.0","env":"test","userId":"0d442eb3-c1e9-49bd-b111-87cf03aa8968","role":"ADMIN","msg":"User authenticated via Supabase"}
{"level":30,"time":"2026-02-10T19:06:23.479Z","service":"campus-resource-engine","version":"1.0.0","env":"test","roomCode":"CRz23xv","msg":"Creating new room"}
{"level":30,"time":"2026-02-10T19:06:23.782Z","service":"campus-resource-engine","version":"1.0.0","env":"test","roomId":"828da4e0-b6ea-4901-8c03-104405663361","msg":"Room created"}
{"level":30,"time":"2026-02-10T19:06:23.783Z","service":"campus-resource-engine","version":"1.0.0","env":"test","method":"POST","path":"/","statusCode":201,"duration":"793ms","requestId":"req-1770750382990-u24fxqbfd","msg":"Request completed"}
 [32mΓ£ô[39m src/__tests__/epic5/us5.1-room-crud.test.ts[2m > [22mUS 5.1 ΓÇö Room CRUD (Add New Room)[2m > [22mPOST /rooms ΓÇö Create Room[2m > [22mshould create a room with valid data[33m 825[2mms[22m[39m
{"level":40,"time":"2026-02-10T19:06:23.795Z","service":"campus-resource-engine","version":"1.0.0","env":"test","requestId":"req-1770750383794-hely8v3tf","method":"POST","path":"/api/v1/rooms","statusCode":401,"errorCode":"AUTH_1001","isOperational":true,"message":"No authentication token provided","msg":"Operational error"}
{"level":20,"time":"2026-02-10T19:06:23.800Z","service":"campus-resource-engine","version":"1.0.0","env":"test","error":{"code":"ECONNREFUSED"},"msg":"Redis client error (optional service)"}
{"level":30,"time":"2026-02-10T19:06:23.800Z","service":"campus-resource-engine","version":"1.0.0","env":"test","method":"POST","path":"/api/v1/rooms","statusCode":401,"duration":"6ms","requestId":"req-1770750383794-hely8v3tf","msg":"Request completed"}
{"level":40,"time":"2026-02-10T19:06:23.801Z","service":"campus-resource-engine","version":"1.0.0","env":"test","msg":"Redis unavailable - running without cache"}
{"level":20,"time":"2026-02-10T19:06:23.801Z","service":"campus-resource-engine","version":"1.0.0","env":"test","msg":"Redis connection closed"}
 [32mΓ£ô[39m src/__tests__/epic5/us5.1-room-crud.test.ts[2m > [22mUS 5.1 ΓÇö Room CRUD (Add New Room)[2m > [22mPOST /rooms ΓÇö Create Room[2m > [22mshould reject room creation without authentication[32m 15[2mms[22m[39m
{"level":20,"time":"2026-02-10T19:06:24.316Z","service":"campus-resource-engine","version":"1.0.0","env":"test","userId":"0d442eb3-c1e9-49bd-b111-87cf03aa8968","role":"ADMIN","msg":"User authenticated via Supabase"}
{"level":20,"time":"2026-02-10T19:06:24.317Z","service":"campus-resource-engine","version":"1.0.0","env":"test","property":"body","errors":{"code":["Required"],"capacity":["Required"],"departmentId":["Required"]},"received":{"name":"Incomplete Room"},"msg":"Validation failed"}
{"level":40,"time":"2026-02-10T19:06:24.318Z","service":"campus-resource-engine","version":"1.0.0","env":"test","requestId":"req-1770750383807-oaex7x9op","method":"POST","path":"/api/v1/rooms","statusCode":400,"errorCode":"VALIDATION_6001","isOperational":true,"userId":"0d442eb3-c1e9-49bd-b111-87cf03aa8968","message":"Validation failed","msg":"Operational error"}
{"level":30,"time":"2026-02-10T19:06:24.320Z","service":"campus-resource-engine","version":"1.0.0","env":"test","method":"POST","path":"/api/v1/rooms","statusCode":400,"duration":"513ms","requestId":"req-1770750383807-oaex7x9op","msg":"Request completed"}
 [32mΓ£ô[39m src/__tests__/epic5/us5.1-room-crud.test.ts[2m > [22mUS 5.1 ΓÇö Room CRUD (Add New Room)[2m > [22mPOST /rooms ΓÇö Create Room[2m > [22mshould reject room with missing required fields[33m 520[2mms[22m[39m
{"level":20,"time":"2026-02-10T19:06:24.772Z","service":"campus-resource-engine","version":"1.0.0","env":"test","userId":"0d442eb3-c1e9-49bd-b111-87cf03aa8968","role":"ADMIN","msg":"User authenticated via Supabase"}
{"level":20,"time":"2026-02-10T19:06:24.772Z","service":"campus-resource-engine","version":"1.0.0","env":"test","property":"body","errors":{"capacity":["Number must be greater than or equal to 1"]},"received":{"name":"Bad Capacity Room","code":"BCz24zp","capacity":-5,"departmentId":"cmkcom1f0000014kz1tmgn2ch"},"msg":"Validation failed"}
{"level":40,"time":"2026-02-10T19:06:24.773Z","service":"campus-resource-engine","version":"1.0.0","env":"test","requestId":"req-1770750384331-h9yqqlhxy","method":"POST","path":"/api/v1/rooms","statusCode":400,"errorCode":"VALIDATION_6001","isOperational":true,"userId":"0d442eb3-c1e9-49bd-b111-87cf03aa8968","message":"Validation failed","msg":"Operational error"}
{"level":30,"time":"2026-02-10T19:06:24.774Z","service":"campus-resource-engine","version":"1.0.0","env":"test","method":"POST","path":"/api/v1/rooms","statusCode":400,"duration":"443ms","requestId":"req-1770750384331-h9yqqlhxy","msg":"Request completed"}
 [32mΓ£ô[39m src/__tests__/epic5/us5.1-room-crud.test.ts[2m > [22mUS 5.1 ΓÇö Room CRUD (Add New Room)[2m > [22mPOST /rooms ΓÇö Create Room[2m > [22mshould reject room with invalid capacity[33m 453[2mms[22m[39m
{"level":20,"time":"2026-02-10T19:06:25.224Z","service":"campus-resource-engine","version":"1.0.0","env":"test","userId":"0d442eb3-c1e9-49bd-b111-87cf03aa8968","role":"ADMIN","msg":"User authenticated via Supabase"}
{"level":30,"time":"2026-02-10T19:06:25.225Z","service":"campus-resource-engine","version":"1.0.0","env":"test","roomCode":"DFz25c8","msg":"Creating new room"}
{"level":30,"time":"2026-02-10T19:06:25.404Z","service":"campus-resource-engine","version":"1.0.0","env":"test","roomId":"e770d8f1-ece0-47ae-806a-12ad7c338cef","msg":"Room created"}
{"level":30,"time":"2026-02-10T19:06:25.406Z","service":"campus-resource-engine","version":"1.0.0","env":"test","method":"POST","path":"/","statusCode":201,"duration":"625ms","requestId":"req-1770750384781-5fqeeel92","msg":"Request completed"}
 [32mΓ£ô[39m src/__tests__/epic5/us5.1-room-crud.test.ts[2m > [22mUS 5.1 ΓÇö Room CRUD (Add New Room)[2m > [22mPOST /rooms ΓÇö Create Room[2m > [22mshould create a room with default values (floor, building, roomType)[33m 633[2mms[22m[39m
{"level":30,"time":"2026-02-10T19:06:25.705Z","service":"campus-resource-engine","version":"1.0.0","env":"test","method":"GET","path":"/","statusCode":200,"duration":"288ms","requestId":"req-1770750385417-d7k5fcfsb","msg":"Request completed"}
 [32mΓ£ô[39m src/__tests__/epic5/us5.1-room-crud.test.ts[2m > [22mUS 5.1 ΓÇö Room CRUD (Add New Room)[2m > [22mGET /rooms ΓÇö Search & List Rooms[2m > [22mshould return a list of rooms[32m 300[2mms[22m[39m
{"level":30,"time":"2026-02-10T19:06:26.046Z","service":"campus-resource-engine","version":"1.0.0","env":"test","method":"GET","path":"/","statusCode":200,"duration":"327ms","requestId":"req-1770750385719-o272yoxjf","msg":"Request completed"}
 [32mΓ£ô[39m src/__tests__/epic5/us5.1-room-crud.test.ts[2m > [22mUS 5.1 ΓÇö Room CRUD (Add New Room)[2m > [22mGET /rooms ΓÇö Search & List Rooms[2m > [22mshould filter rooms by minimum capacity[33m 340[2mms[22m[39m
{"level":20,"time":"2026-02-10T19:06:26.448Z","service":"campus-resource-engine","version":"1.0.0","env":"test","userId":"0d442eb3-c1e9-49bd-b111-87cf03aa8968","role":"ADMIN","msg":"User authenticated via Supabase"}
{"level":30,"time":"2026-02-10T19:06:26.449Z","service":"campus-resource-engine","version":"1.0.0","env":"test","roomCode":"GRz26bo","msg":"Creating new room"}
{"level":30,"time":"2026-02-10T19:06:26.712Z","service":"campus-resource-engine","version":"1.0.0","env":"test","roomId":"414cc616-a747-46ff-933b-027186976c1b","msg":"Room created"}
{"level":30,"time":"2026-02-10T19:06:26.714Z","service":"campus-resource-engine","version":"1.0.0","env":"test","method":"POST","path":"/","statusCode":201,"duration":"651ms","requestId":"req-1770750386063-1odk2950j","msg":"Request completed"}
{"level":20,"time":"2026-02-10T19:06:26.725Z","service":"campus-resource-engine","version":"1.0.0","env":"test","error":{},"key":"room:details:414cc616-a747-46ff-933b-027186976c1b","msg":"Cache get error"}
{"level":20,"time":"2026-02-10T19:06:26.956Z","service":"campus-resource-engine","version":"1.0.0","env":"test","error":{},"key":"room:details:414cc616-a747-46ff-933b-027186976c1b","msg":"Cache set error"}
{"level":30,"time":"2026-02-10T19:06:26.958Z","service":"campus-resource-engine","version":"1.0.0","env":"test","method":"GET","path":"/414cc616-a747-46ff-933b-027186976c1b","statusCode":200,"duration":"235ms","requestId":"req-1770750386723-htt7r1nka","msg":"Request completed"}
 [32mΓ£ô[39m src/__tests__/epic5/us5.1-room-crud.test.ts[2m > [22mUS 5.1 ΓÇö Room CRUD (Add New Room)[2m > [22mGET /rooms/:id ΓÇö Get Room by ID[2m > [22mshould return a specific room[33m 910[2mms[22m[39m
{"level":20,"time":"2026-02-10T19:06:26.966Z","service":"campus-resource-engine","version":"1.0.0","env":"test","error":{},"key":"room:details:00000000-0000-0000-0000-000000000000","msg":"Cache get error"}
{"level":30,"time":"2026-02-10T19:06:27.158Z","service":"campus-resource-engine","version":"1.0.0","env":"test","method":"GET","path":"/00000000-0000-0000-0000-000000000000","statusCode":404,"duration":"192ms","requestId":"req-1770750386966-5sq8qcg52","msg":"Request completed"}
 [32mΓ£ô[39m src/__tests__/epic5/us5.1-room-crud.test.ts[2m > [22mUS 5.1 ΓÇö Room CRUD (Add New Room)[2m > [22mGET /rooms/:id ΓÇö Get Room by ID[2m > [22mshould return 404 for non-existent room[32m 200[2mms[22m[39m
{"level":20,"time":"2026-02-10T19:06:27.552Z","service":"campus-resource-engine","version":"1.0.0","env":"test","userId":"0d442eb3-c1e9-49bd-b111-87cf03aa8968","role":"ADMIN","msg":"User authenticated via Supabase"}
{"level":30,"time":"2026-02-10T19:06:27.552Z","service":"campus-resource-engine","version":"1.0.0","env":"test","roomCode":"UPz276i","msg":"Creating new room"}
{"level":30,"time":"2026-02-10T19:06:27.792Z","service":"campus-resource-engine","version":"1.0.0","env":"test","roomId":"b2023285-6e77-44c8-810d-fce052618789","msg":"Room created"}
{"level":30,"time":"2026-02-10T19:06:27.794Z","service":"campus-resource-engine","version":"1.0.0","env":"test","method":"POST","path":"/","statusCode":201,"duration":"625ms","requestId":"req-1770750387167-d8t9rewkd","msg":"Request completed"}
{"level":20,"time":"2026-02-10T19:06:28.244Z","service":"campus-resource-engine","version":"1.0.0","env":"test","userId":"0d442eb3-c1e9-49bd-b111-87cf03aa8968","role":"ADMIN","msg":"User authenticated via Supabase"}
{"level":20,"time":"2026-02-10T19:06:28.850Z","service":"campus-resource-engine","version":"1.0.0","env":"test","error":{},"key":"room:details:b2023285-6e77-44c8-810d-fce052618789","msg":"Cache set error"}
{"level":30,"time":"2026-02-10T19:06:28.852Z","service":"campus-resource-engine","version":"1.0.0","env":"test","method":"PATCH","path":"/b2023285-6e77-44c8-810d-fce052618789","statusCode":200,"duration":"1048ms","requestId":"req-1770750387803-surabo9ky","msg":"Request completed"}
 [32mΓ£ô[39m src/__tests__/epic5/us5.1-room-crud.test.ts[2m > [22mUS 5.1 ΓÇö Room CRUD (Add New Room)[2m > [22mPATCH /rooms/:id ΓÇö Update Room[2m > [22mshould update room name and capacity[33m 1693[2mms[22m[39m
{"level":20,"time":"2026-02-10T19:06:29.416Z","service":"campus-resource-engine","version":"1.0.0","env":"test","userId":"0d442eb3-c1e9-49bd-b111-87cf03aa8968","role":"ADMIN","msg":"User authenticated via Supabase"}
{"level":30,"time":"2026-02-10T19:06:29.416Z","service":"campus-resource-engine","version":"1.0.0","env":"test","roomCode":"AMz28hj","msg":"Creating new room"}
{"level":30,"time":"2026-02-10T19:06:29.720Z","service":"campus-resource-engine","version":"1.0.0","env":"test","roomId":"c6cdd636-6d5e-4f34-88f4-11b82baaf6c9","msg":"Room created"}
{"level":30,"time":"2026-02-10T19:06:29.722Z","service":"campus-resource-engine","version":"1.0.0","env":"test","method":"POST","path":"/","statusCode":201,"duration":"860ms","requestId":"req-1770750388862-p58cbdwv7","msg":"Request completed"}
{"level":20,"time":"2026-02-10T19:06:30.233Z","service":"campus-resource-engine","version":"1.0.0","env":"test","userId":"0d442eb3-c1e9-49bd-b111-87cf03aa8968","role":"ADMIN","msg":"User authenticated via Supabase"}
{"level":20,"time":"2026-02-10T19:06:30.646Z","service":"campus-resource-engine","version":"1.0.0","env":"test","error":{},"key":"room:details:c6cdd636-6d5e-4f34-88f4-11b82baaf6c9","msg":"Cache set error"}
{"level":30,"time":"2026-02-10T19:06:30.647Z","service":"campus-resource-engine","version":"1.0.0","env":"test","method":"PATCH","path":"/c6cdd636-6d5e-4f34-88f4-11b82baaf6c9","statusCode":200,"duration":"919ms","requestId":"req-1770750389728-srtrk5ir4","msg":"Request completed"}
 [32mΓ£ô[39m src/__tests__/epic5/us5.1-room-crud.test.ts[2m > [22mUS 5.1 ΓÇö Room CRUD (Add New Room)[2m > [22mPATCH /rooms/:id ΓÇö Update Room[2m > [22mshould update room amenities (US 5.2)[33m 1794[2mms[22m[39m
{"level":40,"time":"2026-02-10T19:06:30.657Z","service":"campus-resource-engine","version":"1.0.0","env":"test","requestId":"req-1770750390656-yhh9v76zs","method":"PATCH","path":"/api/v1/rooms/some-id","statusCode":401,"errorCode":"AUTH_1001","isOperational":true,"message":"No authentication token provided","msg":"Operational error"}
{"level":30,"time":"2026-02-10T19:06:30.660Z","service":"campus-resource-engine","version":"1.0.0","env":"test","method":"PATCH","path":"/api/v1/rooms/some-id","statusCode":401,"duration":"4ms","requestId":"req-1770750390656-yhh9v76zs","msg":"Request completed"}
{"level":30,"time":"2026-02-10T19:06:30.670Z","service":"campus-resource-engine","version":"1.0.0","env":"test","method":"DELETE","path":"/api/v1/rooms/828da4e0-b6ea-4901-8c03-104405663361","statusCode":404,"duration":"1ms","requestId":"req-1770750390668-jiauf0z7c","msg":"Request completed"}
{"level":30,"time":"2026-02-10T19:06:30.676Z","service":"campus-resource-engine","version":"1.0.0","env":"test","method":"DELETE","path":"/api/v1/rooms/e770d8f1-ece0-47ae-806a-12ad7c338cef","statusCode":404,"duration":"1ms","requestId":"req-1770750390675-1ikxoatr6","msg":"Request completed"}
{"level":30,"time":"2026-02-10T19:06:30.686Z","service":"campus-resource-engine","version":"1.0.0","env":"test","method":"DELETE","path":"/api/v1/rooms/414cc616-a747-46ff-933b-027186976c1b","statusCode":404,"duration":"1ms","requestId":"req-1770750390684-w3nuxylwn","msg":"Request completed"}
{"level":30,"time":"2026-02-10T19:06:30.693Z","service":"campus-resource-engine","version":"1.0.0","env":"test","method":"DELETE","path":"/api/v1/rooms/b2023285-6e77-44c8-810d-fce052618789","statusCode":404,"duration":"0ms","requestId":"req-1770750390692-is3jyfe22","msg":"Request completed"}
{"level":30,"time":"2026-02-10T19:06:30.698Z","service":"campus-resource-engine","version":"1.0.0","env":"test","method":"DELETE","path":"/api/v1/rooms/c6cdd636-6d5e-4f34-88f4-11b82baaf6c9","statusCode":404,"duration":"1ms","requestId":"req-1770750390697-w2zuztvzu","msg":"Request completed"}
 [32mΓ£ô[39m src/__tests__/epic5/us5.1-room-crud.test.ts[2m > [22mUS 5.1 ΓÇö Room CRUD (Add New Room)[2m > [22mPATCH /rooms/:id ΓÇö Update Room[2m > [22mshould reject update without authentication[32m 14[2mms[22m[39m

[2m Test Files [22m [1m[32m1 passed[39m[22m[90m (1)[39m
[2m      Tests [22m [1m[32m12 passed[39m[22m[90m (12)[39m
[2m   Start at [22m 00:36:19
[2m   Duration [22m 11.68s[2m (transform 680ms, setup 0ms, import 1.95s, tests 9.43s, environment 0ms)[22m

